node:internal/modules/run_main:111
    triggerUncaughtException(
    ^

locator.uncheck: Timeout 30000ms exceeded.
Call log:
[2m  - waiting for getByRole('checkbox')[22m
[2m    - locator resolved to <input name="done" type="checkbox" aria-label="Mark done"/>[22m
[2m  - attempting click action[22m
[2m    2 × waiting for element to be visible, enabled and stable[22m
[2m      - element is visible, enabled and stable[22m
[2m      - scrolling into view if needed[22m
[2m      - done scrolling[22m
[2m      - <label class="checkbox-control">…</label> intercepts pointer events[22m
[2m    - retrying click action[22m
[2m    - waiting 20ms[22m
[2m    2 × waiting for element to be visible, enabled and stable[22m
[2m      - element is visible, enabled and stable[22m
[2m      - scrolling into view if needed[22m
[2m      - done scrolling[22m
[2m      - <label class="checkbox-control">…</label> intercepts pointer events[22m
[2m    - retrying click action[22m
[2m      - waiting 100ms[22m
[2m    43 × waiting for element to be visible, enabled and stable[22m
[2m       - element is visible, enabled and stable[22m
[2m       - scrolling into view if needed[22m
[2m       - done scrolling[22m
[2m       - <label class="checkbox-control">…</label> intercepts pointer events[22m
[2m     - retrying click action[22m
[2m       - waiting 500ms[22m

    at /Users/karanmanoharan/.no-mistakes/worktrees/90306a46c7e3/01M4JVQDRWJ88Y4MGX5703XZY1/artifacts/review-r5-r6/recipes.mjs:30:17 {
  log: [
    "  - waiting for getByRole('checkbox')",
    '    - locator resolved to <input name="done" type="checkbox" aria-label="Mark done"/>',
    '  - attempting click action',
    '    2 × waiting for element to be visible, enabled and stable',
    '      - element is visible, enabled and stable',
    '      - scrolling into view if needed',
    '      - done scrolling',
    '      - <label class="checkbox-control">…</label> intercepts pointer events',
    '    - retrying click action',
    '    - waiting 20ms',
    '    2 × waiting for element to be visible, enabled and stable',
    '      - element is visible, enabled and stable',
    '      - scrolling into view if needed',
    '      - done scrolling',
    '      - <label class="checkbox-control">…</label> intercepts pointer events',
    '    - retrying click action',
    '      - waiting 100ms',
    '    43 × waiting for element to be visible, enabled and stable',
    '       - element is visible, enabled and stable',
    '       - scrolling into view if needed',
    '       - done scrolling',
    '       - <label class="checkbox-control">…</label> intercepts pointer events',
    '     - retrying click action',
    '       - waiting 500ms'
  ],
  name: 'TimeoutError'
}

Node.js v26.10.0
