SyntaxError: /Users/karanmanoharan/.no-mistakes/worktrees/90306a46c7e3/01M4JVQDRWJ88Y4MGX5703XZY1/artifacts/review-r5-r6/playwright.config.ts: Unexpected token, expected "," (9:208)

   7 |   reporter: [['list'], ['json', { outputFile: 'artifacts/review-r5-r6/browser-results.json' }]],
   8 |   workers: 1,
>  9 |   projects: [{ name: 'review-chrome', use: { channel: 'chrome', baseURL: 'http://localhost:3482', serviceWorkers: 'block', launchOptions: { args: ['--use-angle=swiftshader', '--enable-unsafe-swiftshader'] } }],
     |                                                                                                                                                                                                                 ^
  10 | });
  11 |
    at constructor (/Users/karanmanoharan/.no-mistakes/worktrees/90306a46c7e3/01M4JVQDRWJ88Y4MGX5703XZY1/node_modules/playwright/lib/transform/babelBundle.js:14621:23)
    at TypeScriptParserMixin.raise (/Users/karanmanoharan/.no-mistakes/worktrees/90306a46c7e3/01M4JVQDRWJ88Y4MGX5703XZY1/node_modules/playwright/lib/transform/babelBundle.js:20868:23)
    at TypeScriptParserMixin.unexpected (/Users/karanmanoharan/.no-mistakes/worktrees/90306a46c7e3/01M4JVQDRWJ88Y4MGX5703XZY1/node_modules/playwright/lib/transform/babelBundle.js:20889:20)
    at TypeScriptParserMixin.expect (/Users/karanmanoharan/.no-mistakes/worktrees/90306a46c7e3/01M4JVQDRWJ88Y4MGX5703XZY1/node_modules/playwright/lib/transform/babelBundle.js:21169:16)
    at TypeScriptParserMixin.parseObjectLike (/Users/karanmanoharan/.no-mistakes/worktrees/90306a46c7e3/01M4JVQDRWJ88Y4MGX5703XZY1/node_modules/playwright/lib/transform/babelBundle.js:26068:18)
    at TypeScriptParserMixin.parseExprAtom (/Users/karanmanoharan/.no-mistakes/worktrees/90306a46c7e3/01M4JVQDRWJ88Y4MGX5703XZY1/node_modules/playwright/lib/transform/babelBundle.js:25593:25)
    at TypeScriptParserMixin.parseExprSubscripts (/Users/karanmanoharan/.no-mistakes/worktrees/90306a46c7e3/01M4JVQDRWJ88Y4MGX5703XZY1/node_modules/playwright/lib/transform/babelBundle.js:25340:27)
    at TypeScriptParserMixin.parseUpdate (/Users/karanmanoharan/.no-mistakes/worktrees/90306a46c7e3/01M4JVQDRWJ88Y4MGX5703XZY1/node_modules/playwright/lib/transform/babelBundle.js:25325:25)
    at TypeScriptParserMixin.parseMaybeUnary (/Users/karanmanoharan/.no-mistakes/worktrees/90306a46c7e3/01M4JVQDRWJ88Y4MGX5703XZY1/node_modules/playwright/lib/transform/babelBundle.js:25305:27)
    at TypeScriptParserMixin.parseMaybeUnary (/Users/karanmanoharan/.no-mistakes/worktrees/90306a46c7e3/01M4JVQDRWJ88Y4MGX5703XZY1/node_modules/playwright/lib/transform/babelBundle.js:24095:22)
    at TypeScriptParserMixin.parseMaybeUnaryOrPrivate (/Users/karanmanoharan/.no-mistakes/worktrees/90306a46c7e3/01M4JVQDRWJ88Y4MGX5703XZY1/node_modules/playwright/lib/transform/babelBundle.js:25158:65)
    at TypeScriptParserMixin.parseExprOps (/Users/karanmanoharan/.no-mistakes/worktrees/90306a46c7e3/01M4JVQDRWJ88Y4MGX5703XZY1/node_modules/playwright/lib/transform/babelBundle.js:25163:27)
    at TypeScriptParserMixin.parseMaybeConditional (/Users/karanmanoharan/.no-mistakes/worktrees/90306a46c7e3/01M4JVQDRWJ88Y4MGX5703XZY1/node_modules/playwright/lib/transform/babelBundle.js:25140:27)
    at TypeScriptParserMixin.parseMaybeAssign (/Users/karanmanoharan/.no-mistakes/worktrees/90306a46c7e3/01M4JVQDRWJ88Y4MGX5703XZY1/node_modules/playwright/lib/transform/babelBundle.js:25090:25)
    at TypeScriptParserMixin.parseMaybeAssign (/Users/karanmanoharan/.no-mistakes/worktrees/90306a46c7e3/01M4JVQDRWJ88Y4MGX5703XZY1/node_modules/playwright/lib/transform/babelBundle.js:24044:24)
    at /Users/karanmanoharan/.no-mistakes/worktrees/90306a46c7e3/01M4JVQDRWJ88Y4MGX5703XZY1/node_modules/playwright/lib/transform/babelBundle.js:25059:43
    at TypeScriptParserMixin.allowInAnd (/Users/karanmanoharan/.no-mistakes/worktrees/90306a46c7e3/01M4JVQDRWJ88Y4MGX5703XZY1/node_modules/playwright/lib/transform/babelBundle.js:26671:16)
    at TypeScriptParserMixin.parseMaybeAssignAllowIn (/Users/karanmanoharan/.no-mistakes/worktrees/90306a46c7e3/01M4JVQDRWJ88Y4MGX5703XZY1/node_modules/playwright/lib/transform/babelBundle.js:25059:21)
    at TypeScriptParserMixin.parseMaybeAssignAllowInOrVoidPattern (/Users/karanmanoharan/.no-mistakes/worktrees/90306a46c7e3/01M4JVQDRWJ88Y4MGX5703XZY1/node_modules/playwright/lib/transform/babelBundle.js:26738:21)
    at TypeScriptParserMixin.parseExprListItem (/Users/karanmanoharan/.no-mistakes/worktrees/90306a46c7e3/01M4JVQDRWJ88Y4MGX5703XZY1/node_modules/playwright/lib/transform/babelBundle.js:26420:22)
    at TypeScriptParserMixin.parseExprList (/Users/karanmanoharan/.no-mistakes/worktrees/90306a46c7e3/01M4JVQDRWJ88Y4MGX5703XZY1/node_modules/playwright/lib/transform/babelBundle.js:26395:26)
    at TypeScriptParserMixin.parseArrayLike (/Users/karanmanoharan/.no-mistakes/worktrees/90306a46c7e3/01M4JVQDRWJ88Y4MGX5703XZY1/node_modules/playwright/lib/transform/babelBundle.js:26302:30)
    at TypeScriptParserMixin.parseArrayLike (/Users/karanmanoharan/.no-mistakes/worktrees/90306a46c7e3/01M4JVQDRWJ88Y4MGX5703XZY1/node_modules/playwright/lib/transform/babelBundle.js:23457:28)
    at TypeScriptParserMixin.parseExprAtom (/Users/karanmanoharan/.no-mistakes/worktrees/90306a46c7e3/01M4JVQDRWJ88Y4MGX5703XZY1/node_modules/playwright/lib/transform/babelBundle.js:25590:25)
    at TypeScriptParserMixin.parseExprSubscripts (/Users/karanmanoharan/.no-mistakes/worktrees/90306a46c7e3/01M4JVQDRWJ88Y4MGX5703XZY1/node_modules/playwright/lib/transform/babelBundle.js:25340:27)
    at TypeScriptParserMixin.parseUpdate (/Users/karanmanoharan/.no-mistakes/worktrees/90306a46c7e3/01M4JVQDRWJ88Y4MGX5703XZY1/node_modules/playwright/lib/transform/babelBundle.js:25325:25)
    at TypeScriptParserMixin.parseMaybeUnary (/Users/karanmanoharan/.no-mistakes/worktrees/90306a46c7e3/01M4JVQDRWJ88Y4MGX5703XZY1/node_modules/playwright/lib/transform/babelBundle.js:25305:27)
    at TypeScriptParserMixin.parseMaybeUnary (/Users/karanmanoharan/.no-mistakes/worktrees/90306a46c7e3/01M4JVQDRWJ88Y4MGX5703XZY1/node_modules/playwright/lib/transform/babelBundle.js:24095:22)
    at TypeScriptParserMixin.parseMaybeUnaryOrPrivate (/Users/karanmanoharan/.no-mistakes/worktrees/90306a46c7e3/01M4JVQDRWJ88Y4MGX5703XZY1/node_modules/playwright/lib/transform/babelBundle.js:25158:65)
    at TypeScriptParserMixin.parseExprOps (/Users/karanmanoharan/.no-mistakes/worktrees/90306a46c7e3/01M4JVQDRWJ88Y4MGX5703XZY1/node_modules/playwright/lib/transform/babelBundle.js:25163:27)
    at TypeScriptParserMixin.parseMaybeConditional (/Users/karanmanoharan/.no-mistakes/worktrees/90306a46c7e3/01M4JVQDRWJ88Y4MGX5703XZY1/node_modules/playwright/lib/transform/babelBundle.js:25140:27)
    at TypeScriptParserMixin.parseMaybeAssign (/Users/karanmanoharan/.no-mistakes/worktrees/90306a46c7e3/01M4JVQDRWJ88Y4MGX5703XZY1/node_modules/playwright/lib/transform/babelBundle.js:25090:25)
    at TypeScriptParserMixin.parseMaybeAssign (/Users/karanmanoharan/.no-mistakes/worktrees/90306a46c7e3/01M4JVQDRWJ88Y4MGX5703XZY1/node_modules/playwright/lib/transform/babelBundle.js:24044:24)
    at /Users/karanmanoharan/.no-mistakes/worktrees/90306a46c7e3/01M4JVQDRWJ88Y4MGX5703XZY1/node_modules/playwright/lib/transform/babelBundle.js:25059:43
    at TypeScriptParserMixin.allowInAnd (/Users/karanmanoharan/.no-mistakes/worktrees/90306a46c7e3/01M4JVQDRWJ88Y4MGX5703XZY1/node_modules/playwright/lib/transform/babelBundle.js:26671:16)
    at TypeScriptParserMixin.parseMaybeAssignAllowIn (/Users/karanmanoharan/.no-mistakes/worktrees/90306a46c7e3/01M4JVQDRWJ88Y4MGX5703XZY1/node_modules/playwright/lib/transform/babelBundle.js:25059:21)
    at TypeScriptParserMixin.parseMaybeAssignAllowInOrVoidPattern (/Users/karanmanoharan/.no-mistakes/worktrees/90306a46c7e3/01M4JVQDRWJ88Y4MGX5703XZY1/node_modules/playwright/lib/transform/babelBundle.js:26738:21)
    at TypeScriptParserMixin.parseObjectProperty (/Users/karanmanoharan/.no-mistakes/worktrees/90306a46c7e3/01M4JVQDRWJ88Y4MGX5703XZY1/node_modules/playwright/lib/transform/babelBundle.js:26196:87)
    at TypeScriptParserMixin.parseObjPropValue (/Users/karanmanoharan/.no-mistakes/worktrees/90306a46c7e3/01M4JVQDRWJ88Y4MGX5703XZY1/node_modules/playwright/lib/transform/babelBundle.js:26224:104)
    at TypeScriptParserMixin.parseObjPropValue (/Users/karanmanoharan/.no-mistakes/worktrees/90306a46c7e3/01M4JVQDRWJ88Y4MGX5703XZY1/node_modules/playwright/lib/transform/babelBundle.js:24002:22)
    at TypeScriptParserMixin.parsePropertyDefinition (/Users/karanmanoharan/.no-mistakes/worktrees/90306a46c7e3/01M4JVQDRWJ88Y4MGX5703XZY1/node_modules/playwright/lib/transform/babelBundle.js:26161:21)
    at TypeScriptParserMixin.parseObjectLike (/Users/karanmanoharan/.no-mistakes/worktrees/90306a46c7e3/01M4JVQDRWJ88Y4MGX5703XZY1/node_modules/playwright/lib/transform/babelBundle.js:26078:25)
    at TypeScriptParserMixin.parseExprAtom (/Users/karanmanoharan/.no-mistakes/worktrees/90306a46c7e3/01M4JVQDRWJ88Y4MGX5703XZY1/node_modules/playwright/lib/transform/babelBundle.js:25593:25)
    at TypeScriptParserMixin.parseExprSubscripts (/Users/karanmanoharan/.no-mistakes/worktrees/90306a46c7e3/01M4JVQDRWJ88Y4MGX5703XZY1/node_modules/playwright/lib/transform/babelBundle.js:25340:27)
    at TypeScriptParserMixin.parseUpdate (/Users/karanmanoharan/.no-mistakes/worktrees/90306a46c7e3/01M4JVQDRWJ88Y4MGX5703XZY1/node_modules/playwright/lib/transform/babelBundle.js:25325:25)
    at TypeScriptParserMixin.parseMaybeUnary (/Users/karanmanoharan/.no-mistakes/worktrees/90306a46c7e3/01M4JVQDRWJ88Y4MGX5703XZY1/node_modules/playwright/lib/transform/babelBundle.js:25305:27)
    at TypeScriptParserMixin.parseMaybeUnary (/Users/karanmanoharan/.no-mistakes/worktrees/90306a46c7e3/01M4JVQDRWJ88Y4MGX5703XZY1/node_modules/playwright/lib/transform/babelBundle.js:24095:22)
    at TypeScriptParserMixin.parseMaybeUnaryOrPrivate (/Users/karanmanoharan/.no-mistakes/worktrees/90306a46c7e3/01M4JVQDRWJ88Y4MGX5703XZY1/node_modules/playwright/lib/transform/babelBundle.js:25158:65)
    at TypeScriptParserMixin.parseExprOps (/Users/karanmanoharan/.no-mistakes/worktrees/90306a46c7e3/01M4JVQDRWJ88Y4MGX5703XZY1/node_modules/playwright/lib/transform/babelBundle.js:25163:27)
    at TypeScriptParserMixin.parseMaybeConditional (/Users/karanmanoharan/.no-mistakes/worktrees/90306a46c7e3/01M4JVQDRWJ88Y4MGX5703XZY1/node_modules/playwright/lib/transform/babelBundle.js:25140:27)
    at TypeScriptParserMixin.parseMaybeAssign (/Users/karanmanoharan/.no-mistakes/worktrees/90306a46c7e3/01M4JVQDRWJ88Y4MGX5703XZY1/node_modules/playwright/lib/transform/babelBundle.js:25090:25)
    at TypeScriptParserMixin.parseMaybeAssign (/Users/karanmanoharan/.no-mistakes/worktrees/90306a46c7e3/01M4JVQDRWJ88Y4MGX5703XZY1/node_modules/playwright/lib/transform/babelBundle.js:24044:24)
    at /Users/karanmanoharan/.no-mistakes/worktrees/90306a46c7e3/01M4JVQDRWJ88Y4MGX5703XZY1/node_modules/playwright/lib/transform/babelBundle.js:25059:43
    at TypeScriptParserMixin.allowInAnd (/Users/karanmanoharan/.no-mistakes/worktrees/90306a46c7e3/01M4JVQDRWJ88Y4MGX5703XZY1/node_modules/playwright/lib/transform/babelBundle.js:26671:16)
    at TypeScriptParserMixin.parseMaybeAssignAllowIn (/Users/karanmanoharan/.no-mistakes/worktrees/90306a46c7e3/01M4JVQDRWJ88Y4MGX5703XZY1/node_modules/playwright/lib/transform/babelBundle.js:25059:21)
    at TypeScriptParserMixin.parseMaybeAssignAllowInOrVoidPattern (/Users/karanmanoharan/.no-mistakes/worktrees/90306a46c7e3/01M4JVQDRWJ88Y4MGX5703XZY1/node_modules/playwright/lib/transform/babelBundle.js:26738:21)
    at TypeScriptParserMixin.parseExprListItem (/Users/karanmanoharan/.no-mistakes/worktrees/90306a46c7e3/01M4JVQDRWJ88Y4MGX5703XZY1/node_modules/playwright/lib/transform/babelBundle.js:26420:22)
    at TypeScriptParserMixin.parseCallExpressionArguments (/Users/karanmanoharan/.no-mistakes/worktrees/90306a46c7e3/01M4JVQDRWJ88Y4MGX5703XZY1/node_modules/playwright/lib/transform/babelBundle.js:25511:26)
    at TypeScriptParserMixin.parseCoverCallAndAsyncArrowHead (/Users/karanmanoharan/.no-mistakes/worktrees/90306a46c7e3/01M4JVQDRWJ88Y4MGX5703XZY1/node_modules/playwright/lib/transform/babelBundle.js:25445:33)
    at TypeScriptParserMixin.parseSubscript (/Users/karanmanoharan/.no-mistakes/worktrees/90306a46c7e3/01M4JVQDRWJ88Y4MGX5703XZY1/node_modules/playwright/lib/transform/babelBundle.js:25379:23)
    at TypeScriptParserMixin.parseSubscript (/Users/karanmanoharan/.no-mistakes/worktrees/90306a46c7e3/01M4JVQDRWJ88Y4MGX5703XZY1/node_modules/playwright/lib/transform/babelBundle.js:23536:22)
    at TypeScriptParserMixin.parseSubscripts (/Users/karanmanoharan/.no-mistakes/worktrees/90306a46c7e3/01M4JVQDRWJ88Y4MGX5703XZY1/node_modules/playwright/lib/transform/babelBundle.js:25353:23)
    at TypeScriptParserMixin.parseExprSubscripts (/Users/karanmanoharan/.no-mistakes/worktrees/90306a46c7e3/01M4JVQDRWJ88Y4MGX5703XZY1/node_modules/playwright/lib/transform/babelBundle.js:25344:21)
    at TypeScriptParserMixin.parseUpdate (/Users/karanmanoharan/.no-mistakes/worktrees/90306a46c7e3/01M4JVQDRWJ88Y4MGX5703XZY1/node_modules/playwright/lib/transform/babelBundle.js:25325:25)
    at TypeScriptParserMixin.parseMaybeUnary (/Users/karanmanoharan/.no-mistakes/worktrees/90306a46c7e3/01M4JVQDRWJ88Y4MGX5703XZY1/node_modules/playwright/lib/transform/babelBundle.js:25305:27)
    at TypeScriptParserMixin.parseMaybeUnary (/Users/karanmanoharan/.no-mistakes/worktrees/90306a46c7e3/01M4JVQDRWJ88Y4MGX5703XZY1/node_modules/playwright/lib/transform/babelBundle.js:24095:22)
    at TypeScriptParserMixin.parseMaybeUnaryOrPrivate (/Users/karanmanoharan/.no-mistakes/worktrees/90306a46c7e3/01M4JVQDRWJ88Y4MGX5703XZY1/node_modules/playwright/lib/transform/babelBundle.js:25158:65)
    at TypeScriptParserMixin.parseExprOps (/Users/karanmanoharan/.no-mistakes/worktrees/90306a46c7e3/01M4JVQDRWJ88Y4MGX5703XZY1/node_modules/playwright/lib/transform/babelBundle.js:25163:27)
    at TypeScriptParserMixin.parseMaybeConditional (/Users/karanmanoharan/.no-mistakes/worktrees/90306a46c7e3/01M4JVQDRWJ88Y4MGX5703XZY1/node_modules/playwright/lib/transform/babelBundle.js:25140:27)
    at TypeScriptParserMixin.parseMaybeAssign (/Users/karanmanoharan/.no-mistakes/worktrees/90306a46c7e3/01M4JVQDRWJ88Y4MGX5703XZY1/node_modules/playwright/lib/transform/babelBundle.js:25090:25)
    at TypeScriptParserMixin.parseMaybeAssign (/Users/karanmanoharan/.no-mistakes/worktrees/90306a46c7e3/01M4JVQDRWJ88Y4MGX5703XZY1/node_modules/playwright/lib/transform/babelBundle.js:24044:24)
    at /Users/karanmanoharan/.no-mistakes/worktrees/90306a46c7e3/01M4JVQDRWJ88Y4MGX5703XZY1/node_modules/playwright/lib/transform/babelBundle.js:25059:43
    at TypeScriptParserMixin.allowInAnd (/Users/karanmanoharan/.no-mistakes/worktrees/90306a46c7e3/01M4JVQDRWJ88Y4MGX5703XZY1/node_modules/playwright/lib/transform/babelBundle.js:26666:20)
    at TypeScriptParserMixin.parseMaybeAssignAllowIn (/Users/karanmanoharan/.no-mistakes/worktrees/90306a46c7e3/01M4JVQDRWJ88Y4MGX5703XZY1/node_modules/playwright/lib/transform/babelBundle.js:25059:21)
    at TypeScriptParserMixin.parseExportDefaultExpression (/Users/karanmanoharan/.no-mistakes/worktrees/90306a46c7e3/01M4JVQDRWJ88Y4MGX5703XZY1/node_modules/playwright/lib/transform/babelBundle.js:28166:26)
    at TypeScriptParserMixin.parseExportDefaultExpression (/Users/karanmanoharan/.no-mistakes/worktrees/90306a46c7e3/01M4JVQDRWJ88Y4MGX5703XZY1/node_modules/playwright/lib/transform/babelBundle.js:23667:22)
    at TypeScriptParserMixin.parseExport (/Users/karanmanoharan/.no-mistakes/worktrees/90306a46c7e3/01M4JVQDRWJ88Y4MGX5703XZY1/node_modules/playwright/lib/transform/babelBundle.js:28069:29)
    at TypeScriptParserMixin.parseExport (/Users/karanmanoharan/.no-mistakes/worktrees/90306a46c7e3/01M4JVQDRWJ88Y4MGX5703XZY1/node_modules/playwright/lib/transform/babelBundle.js:23650:24)
    at TypeScriptParserMixin.parseStatementContent (/Users/karanmanoharan/.no-mistakes/worktrees/90306a46c7e3/01M4JVQDRWJ88Y4MGX5703XZY1/node_modules/playwright/lib/transform/babelBundle.js:27119:29)
    at TypeScriptParserMixin.parseStatementContent (/Users/karanmanoharan/.no-mistakes/worktrees/90306a46c7e3/01M4JVQDRWJ88Y4MGX5703XZY1/node_modules/playwright/lib/transform/babelBundle.js:23766:22)
    at TypeScriptParserMixin.parseStatementLike (/Users/karanmanoharan/.no-mistakes/worktrees/90306a46c7e3/01M4JVQDRWJ88Y4MGX5703XZY1/node_modules/playwright/lib/transform/babelBundle.js:27013:21)
    at TypeScriptParserMixin.parseModuleItem (/Users/karanmanoharan/.no-mistakes/worktrees/90306a46c7e3/01M4JVQDRWJ88Y4MGX5703XZY1/node_modules/playwright/lib/transform/babelBundle.js:26990:21)
    at TypeScriptParserMixin.parseBlockOrModuleBlockBody (/Users/karanmanoharan/.no-mistakes/worktrees/90306a46c7e3/01M4JVQDRWJ88Y4MGX5703XZY1/node_modules/playwright/lib/transform/babelBundle.js:27556:40)
    at TypeScriptParserMixin.parseBlockBody (/Users/karanmanoharan/.no-mistakes/worktrees/90306a46c7e3/01M4JVQDRWJ88Y4MGX5703XZY1/node_modules/playwright/lib/transform/babelBundle.js:27549:14)
    at TypeScriptParserMixin.parseProgram (/Users/karanmanoharan/.no-mistakes/worktrees/90306a46c7e3/01M4JVQDRWJ88Y4MGX5703XZY1/node_modules/playwright/lib/transform/babelBundle.js:26868:14)
    at TypeScriptParserMixin.parseTopLevel (/Users/karanmanoharan/.no-mistakes/worktrees/90306a46c7e3/01M4JVQDRWJ88Y4MGX5703XZY1/node_modules/playwright/lib/transform/babelBundle.js:26858:29)
    at TypeScriptParserMixin.parse (/Users/karanmanoharan/.no-mistakes/worktrees/90306a46c7e3/01M4JVQDRWJ88Y4MGX5703XZY1/node_modules/playwright/lib/transform/babelBundle.js:28729:29)
    at TypeScriptParserMixin.parse (/Users/karanmanoharan/.no-mistakes/worktrees/90306a46c7e3/01M4JVQDRWJ88Y4MGX5703XZY1/node_modules/playwright/lib/transform/babelBundle.js:24384:22)
    at parse2 (/Users/karanmanoharan/.no-mistakes/worktrees/90306a46c7e3/01M4JVQDRWJ88Y4MGX5703XZY1/node_modules/playwright/lib/transform/babelBundle.js:28765:42)
    at parser (/Users/karanmanoharan/.no-mistakes/worktrees/90306a46c7e3/01M4JVQDRWJ88Y4MGX5703XZY1/node_modules/playwright/lib/transform/babelBundle.js:61246:38)
    at parser.next (<anonymous>)
    at normalizeFile (/Users/karanmanoharan/.no-mistakes/worktrees/90306a46c7e3/01M4JVQDRWJ88Y4MGX5703XZY1/node_modules/playwright/lib/transform/babelBundle.js:61401:41)
    at normalizeFile.next (<anonymous>)
    at run (/Users/karanmanoharan/.no-mistakes/worktrees/90306a46c7e3/01M4JVQDRWJ88Y4MGX5703XZY1/node_modules/playwright/lib/transform/babelBundle.js:61815:54)
    at run.next (<anonymous>)
    at transform3 (/Users/karanmanoharan/.no-mistakes/worktrees/90306a46c7e3/01M4JVQDRWJ88Y4MGX5703XZY1/node_modules/playwright/lib/transform/babelBundle.js:69444:37)
    at transform3.next (<anonymous>)
    at evaluateSync (/Users/karanmanoharan/.no-mistakes/worktrees/90306a46c7e3/01M4JVQDRWJ88Y4MGX5703XZY1/node_modules/playwright/lib/transform/babelBundle.js:48492:40)
    at sync (/Users/karanmanoharan/.no-mistakes/worktrees/90306a46c7e3/01M4JVQDRWJ88Y4MGX5703XZY1/node_modules/playwright/lib/transform/babelBundle.js:48335:18)
    at stopHiding - secret - don't use this - v1 (/Users/karanmanoharan/.no-mistakes/worktrees/90306a46c7e3/01M4JVQDRWJ88Y4MGX5703XZY1/node_modules/playwright/lib/transform/babelBundle.js:49113:16)
    at Object.transform3 (/Users/karanmanoharan/.no-mistakes/worktrees/90306a46c7e3/01M4JVQDRWJ88Y4MGX5703XZY1/node_modules/playwright/lib/transform/babelBundle.js:69457:82)
    at babelTransform (/Users/karanmanoharan/.no-mistakes/worktrees/90306a46c7e3/01M4JVQDRWJ88Y4MGX5703XZY1/node_modules/playwright/lib/transform/babelBundle.js:72257:18)
    at transformHook (/Users/karanmanoharan/.no-mistakes/worktrees/90306a46c7e3/01M4JVQDRWJ88Y4MGX5703XZY1/node_modules/playwright/lib/common/index.js:1061:23)
    at load (/Users/karanmanoharan/.no-mistakes/worktrees/90306a46c7e3/01M4JVQDRWJ88Y4MGX5703XZY1/node_modules/playwright/lib/common/index.js:846:23)
    at nextStep (node:internal/modules/customization_hooks:189:26)
    at loadWithHooks (node:internal/modules/customization_hooks:374:18)
    at loadSource (node:internal/modules/cjs/loader:1991:22)
    at Object.<anonymous> (node:internal/modules/cjs/loader:2089:44)
    at Module.load (node:internal/modules/cjs/loader:1678:32)
    at Module._load (node:internal/modules/cjs/loader:1470:12)
    at wrapModuleLoad (node:internal/modules/cjs/loader:261:19)
    at Module.require (node:internal/modules/cjs/loader:1701:12)
    at require (node:internal/modules/helpers:318:16)
    at requireOrImport (/Users/karanmanoharan/.no-mistakes/worktrees/90306a46c7e3/01M4JVQDRWJ88Y4MGX5703XZY1/node_modules/playwright/lib/common/index.js:1083:18)
    at loadUserConfig (/Users/karanmanoharan/.no-mistakes/worktrees/90306a46c7e3/01M4JVQDRWJ88Y4MGX5703XZY1/node_modules/playwright/lib/common/index.js:1268:52)
    at loadConfig (/Users/karanmanoharan/.no-mistakes/worktrees/90306a46c7e3/01M4JVQDRWJ88Y4MGX5703XZY1/node_modules/playwright/lib/common/index.js:1275:28)
    at processTicksAndRejections (node:internal/process/task_queues:104:5)
    at Object.loadConfigFromFile (/Users/karanmanoharan/.no-mistakes/worktrees/90306a46c7e3/01M4JVQDRWJ88Y4MGX5703XZY1/node_modules/playwright/lib/common/index.js:1490:10)
    at runTests (/Users/karanmanoharan/.no-mistakes/worktrees/90306a46c7e3/01M4JVQDRWJ88Y4MGX5703XZY1/node_modules/playwright/lib/cli/testActions.js:46:18)
    at _Command.<anonymous> (/Users/karanmanoharan/.no-mistakes/worktrees/90306a46c7e3/01M4JVQDRWJ88Y4MGX5703XZY1/node_modules/playwright/lib/program.js:55:7) {
  code: 'BABEL_PARSE_ERROR',
  reasonCode: 'UnexpectedToken',
  loc: Position { line: 9, column: 208, index: 512 },
  pos: 512,
  syntaxPlugin: undefined
}
